Wow.exe;pc-game-hdfiles\Wow.exe;base
DBFilesClient\CharBaseInfo.dbc;base\DBFilesClient\CharBaseInfo.dbc;base
DBFilesClient\CharTitles.dbc;base\DBFilesClient\CharTitles.dbc;base
DBFilesClient\ChrRaces.dbc;base\DBFilesClient\ChrRaces.dbc;base
DBFilesClient\Item.dbc;base\DBFilesClient\Item.dbc;base
DBFilesClient\ItemDisplayInfo.dbc;base\DBFilesClient\ItemDisplayInfo.dbc;base
DBFilesClient\ItemSet.dbc;base\DBFilesClient\ItemSet.dbc;base
DBFilesClient\ItemSubClass.dbc;base\DBFilesClient\ItemSubClass.dbc;base
DBFilesClient\ItemSubClassMask.dbc;base\DBFilesClient\ItemSubClassMask.dbc;base
DBFilesClient\Startup_Strings.dbc;base\DBFilesClient\Startup_Strings.dbc;base
Interface\AddOns\EoC Atlas\data.lua;base\Interface\AddOns\EoC Atlas\data.lua;base
Interface\AddOns\EoC Atlas\EoC Atlas.toc;base\Interface\AddOns\EoC Atlas\EoC Atlas.toc;base
Interface\AddOns\EoC Atlas\main.lua;base\Interface\AddOns\EoC Atlas\main.lua;base
Interface\AddOns\EoC Atlas\main.xml;base\Interface\AddOns\EoC Atlas\main.xml;base
Interface\AddOns\EoC Atlas\MinimapIcon.blp;base\Interface\AddOns\EoC Atlas\MinimapIcon.blp;base
Interface\FrameXML\ActionBarFrame.xml;base\Interface\FrameXML\ActionBarFrame.xml;base
Interface\FrameXML\ActionButton.lua;base\Interface\FrameXML\ActionButton.lua;base
Interface\FrameXML\ActionButtonTemplate.xml;base\Interface\FrameXML\ActionButtonTemplate.xml;base
Interface\FrameXML\AGC.lua;base\Interface\FrameXML\AGC.lua;base
Interface\FrameXML\AlertFrames.lua;base\Interface\FrameXML\AlertFrames.lua;base
Interface\FrameXML\AlertFrames.xml;base\Interface\FrameXML\AlertFrames.xml;base
Interface\FrameXML\AlternatePowerBar.lua;base\Interface\FrameXML\AlternatePowerBar.lua;base
Interface\FrameXML\AlternatePowerBar.xml;base\Interface\FrameXML\AlternatePowerBar.xml;base
Interface\FrameXML\AnimationSystem.lua;base\Interface\FrameXML\AnimationSystem.lua;base
Interface\FrameXML\AnimTimerFrame.xml;base\Interface\FrameXML\AnimTimerFrame.xml;base
Interface\FrameXML\ArenaFrame.lua;base\Interface\FrameXML\ArenaFrame.lua;base
Interface\FrameXML\ArenaFrame.xml;base\Interface\FrameXML\ArenaFrame.xml;base
Interface\FrameXML\ArenaRegistrarFrame.lua;base\Interface\FrameXML\ArenaRegistrarFrame.lua;base
Interface\FrameXML\ArenaRegistrarFrame.xml;base\Interface\FrameXML\ArenaRegistrarFrame.xml;base
Interface\FrameXML\AudioOptionsFrame.lua;base\Interface\FrameXML\AudioOptionsFrame.lua;base
Interface\FrameXML\AudioOptionsFrame.xml;base\Interface\FrameXML\AudioOptionsFrame.xml;base
Interface\FrameXML\AudioOptionsPanels.lua;base\Interface\FrameXML\AudioOptionsPanels.lua;base
Interface\FrameXML\AudioOptionsPanels.xml;base\Interface\FrameXML\AudioOptionsPanels.xml;base
Interface\FrameXML\AutoComplete.lua;base\Interface\FrameXML\AutoComplete.lua;base
Interface\FrameXML\AutoComplete.xml;base\Interface\FrameXML\AutoComplete.xml;base
Interface\FrameXML\BankFrame.lua;base\Interface\FrameXML\BankFrame.lua;base
Interface\FrameXML\BankFrame.xml;base\Interface\FrameXML\BankFrame.xml;base
Interface\FrameXML\BasicControls.xml;base\Interface\FrameXML\BasicControls.xml;base
Interface\FrameXML\BattlefieldFrame.lua;base\Interface\FrameXML\BattlefieldFrame.lua;base
Interface\FrameXML\BattlefieldFrame.xml;base\Interface\FrameXML\BattlefieldFrame.xml;base
Interface\FrameXML\Bindings.xml;base\Interface\FrameXML\Bindings.xml;base
Interface\FrameXML\Blizzard_ItemAlterationUI.lua;base\Interface\FrameXML\Blizzard_ItemAlterationUI.lua;base
Interface\FrameXML\Blizzard_ItemAlterationUI.xml;base\Interface\FrameXML\Blizzard_ItemAlterationUI.xml;base
Interface\FrameXML\BNConversations.lua;base\Interface\FrameXML\BNConversations.lua;base
Interface\FrameXML\BNConversations.xml;base\Interface\FrameXML\BNConversations.xml;base
Interface\FrameXML\BNet.lua;base\Interface\FrameXML\BNet.lua;base
Interface\FrameXML\BNet.xml;base\Interface\FrameXML\BNet.xml;base
Interface\FrameXML\BonusActionBarFrame.lua;base\Interface\FrameXML\BonusActionBarFrame.lua;base
Interface\FrameXML\BonusActionBarFrame.xml;base\Interface\FrameXML\BonusActionBarFrame.xml;base
Interface\FrameXML\BuffFrame.lua;base\Interface\FrameXML\BuffFrame.lua;base
Interface\FrameXML\BuffFrame.xml;base\Interface\FrameXML\BuffFrame.xml;base
Interface\FrameXML\CastingBarFrame.lua;base\Interface\FrameXML\CastingBarFrame.lua;base
Interface\FrameXML\CastingBarFrame.xml;base\Interface\FrameXML\CastingBarFrame.xml;base
Interface\FrameXML\ChannelFrame.lua;base\Interface\FrameXML\ChannelFrame.lua;base
Interface\FrameXML\ChannelFrame.xml;base\Interface\FrameXML\ChannelFrame.xml;base
Interface\FrameXML\ChannelJoin.lua;base\Interface\FrameXML\ChannelJoin.lua;base
Interface\FrameXML\CharacterFrame.lua;base\Interface\FrameXML\CharacterFrame.lua;base
Interface\FrameXML\CharacterFrame.xml;base\Interface\FrameXML\CharacterFrame.xml;base
Interface\FrameXML\CharacterFrameTemplates.xml;base\Interface\FrameXML\CharacterFrameTemplates.xml;base
Interface\FrameXML\ChatConfigFrame.lua;base\Interface\FrameXML\ChatConfigFrame.lua;base
Interface\FrameXML\ChatConfigFrame.xml;base\Interface\FrameXML\ChatConfigFrame.xml;base
Interface\FrameXML\ChatFrame.lua;base\Interface\FrameXML\ChatFrame.lua;base
Interface\FrameXML\ChatFrame.xml;base\Interface\FrameXML\ChatFrame.xml;base
Interface\FrameXML\CinematicFrame.lua;base\Interface\FrameXML\CinematicFrame.lua;base
Interface\FrameXML\CinematicFrame.xml;base\Interface\FrameXML\CinematicFrame.xml;base
Interface\FrameXML\ClassTrainerFrameTemplates.xml;base\Interface\FrameXML\ClassTrainerFrameTemplates.xml;base
Interface\FrameXML\CoinPickupFrame.lua;base\Interface\FrameXML\CoinPickupFrame.lua;base
Interface\FrameXML\CoinPickupFrame.xml;base\Interface\FrameXML\CoinPickupFrame.xml;base
Interface\FrameXML\ColorPickerFrame.xml;base\Interface\FrameXML\ColorPickerFrame.xml;base
Interface\FrameXML\CombatFeedback.lua;base\Interface\FrameXML\CombatFeedback.lua;base
Interface\FrameXML\CombatFeedback.xml;base\Interface\FrameXML\CombatFeedback.xml;base
Interface\FrameXML\ComboFrame.lua;base\Interface\FrameXML\ComboFrame.lua;base
Interface\FrameXML\ComboFrame.xml;base\Interface\FrameXML\ComboFrame.xml;base
Interface\FrameXML\Constants.lua;base\Interface\FrameXML\Constants.lua;base
Interface\FrameXML\ContainerFrame.lua;base\Interface\FrameXML\ContainerFrame.lua;base
Interface\FrameXML\ContainerFrame.xml;base\Interface\FrameXML\ContainerFrame.xml;base
Interface\FrameXML\Cooldown.lua;base\Interface\FrameXML\Cooldown.lua;base
Interface\FrameXML\Cooldown.xml;base\Interface\FrameXML\Cooldown.xml;base
Interface\FrameXML\DestinyFrame.lua;base\Interface\FrameXML\DestinyFrame.lua;base
Interface\FrameXML\DestinyFrame.xml;base\Interface\FrameXML\DestinyFrame.xml;base
Interface\FrameXML\DressUpFrame.lua;base\Interface\FrameXML\DressUpFrame.lua;base
Interface\FrameXML\DressUpFrame.xml;base\Interface\FrameXML\DressUpFrame.xml;base
Interface\FrameXML\DurabilityFrame.lua;base\Interface\FrameXML\DurabilityFrame.lua;base
Interface\FrameXML\DurabilityFrame.xml;base\Interface\FrameXML\DurabilityFrame.xml;base
Interface\FrameXML\EasyMenu.lua;base\Interface\FrameXML\EasyMenu.lua;base
Interface\FrameXML\EquipmentManager.lua;base\Interface\FrameXML\EquipmentManager.lua;base
Interface\FrameXML\FadingFrame.lua;base\Interface\FrameXML\FadingFrame.lua;base
Interface\FrameXML\FadingFrame.xml;base\Interface\FrameXML\FadingFrame.xml;base
Interface\FrameXML\FixDruidCharacterSheet.lua;base\Interface\FrameXML\FixDruidCharacterSheet.lua;base
Interface\FrameXML\FixItemIcon.lua;base\Interface\FrameXML\FixItemIcon.lua;base
Interface\FrameXML\FloatingChatFrame.lua;base\Interface\FrameXML\FloatingChatFrame.lua;base
Interface\FrameXML\FloatingChatFrame.xml;base\Interface\FrameXML\FloatingChatFrame.xml;base
Interface\FrameXML\FocusFrame.lua;base\Interface\FrameXML\FocusFrame.lua;base
Interface\FrameXML\FocusFrame.xml;base\Interface\FrameXML\FocusFrame.xml;base
Interface\FrameXML\Fonts.xml;base\Interface\FrameXML\Fonts.xml;base
Interface\FrameXML\FontStyles.xml;base\Interface\FrameXML\FontStyles.xml;base
Interface\FrameXML\FrameXML.toc;base\Interface\FrameXML\FrameXML.toc;base
Interface\FrameXML\FriendsFrame.lua;base\Interface\FrameXML\FriendsFrame.lua;base
Interface\FrameXML\FriendsFrame.xml;base\Interface\FrameXML\FriendsFrame.xml;base
Interface\FrameXML\GameMenuFrame.xml;base\Interface\FrameXML\GameMenuFrame.xml;base
Interface\FrameXML\GameTime.lua;base\Interface\FrameXML\GameTime.lua;base
Interface\FrameXML\GameTime.xml;base\Interface\FrameXML\GameTime.xml;base
Interface\FrameXML\GameTooltip.lua;base\Interface\FrameXML\GameTooltip.lua;base
Interface\FrameXML\GameTooltip.xml;base\Interface\FrameXML\GameTooltip.xml;base
Interface\FrameXML\GameTooltipTemplate.xml;base\Interface\FrameXML\GameTooltipTemplate.xml;base
Interface\FrameXML\GlobalStrings.lua;base\Interface\FrameXML\GlobalStrings.lua;base
Interface\FrameXML\GossipFrame.lua;base\Interface\FrameXML\GossipFrame.lua;base
Interface\FrameXML\GossipFrame.xml;base\Interface\FrameXML\GossipFrame.xml;base
Interface\FrameXML\GraphicsQualityLevels.lua;base\Interface\FrameXML\GraphicsQualityLevels.lua;base
Interface\FrameXML\GuildRegistrarFrame.lua;base\Interface\FrameXML\GuildRegistrarFrame.lua;base
Interface\FrameXML\GuildRegistrarFrame.xml;base\Interface\FrameXML\GuildRegistrarFrame.xml;base
Interface\FrameXML\HealthBar.lua;base\Interface\FrameXML\HealthBar.lua;base
Interface\FrameXML\HelpFrame.lua;base\Interface\FrameXML\HelpFrame.lua;base
Interface\FrameXML\HelpFrame.xml;base\Interface\FrameXML\HelpFrame.xml;base
Interface\FrameXML\HistoryKeeper.lua;base\Interface\FrameXML\HistoryKeeper.lua;base
Interface\FrameXML\HonorFrame.lua;base\Interface\FrameXML\HonorFrame.lua;base
Interface\FrameXML\HonorFrame.xml;base\Interface\FrameXML\HonorFrame.xml;base
Interface\FrameXML\HonorFrameTemplates.xml;base\Interface\FrameXML\HonorFrameTemplates.xml;base
Interface\FrameXML\HungerGames.lua;base\Interface\FrameXML\HungerGames.lua;base
Interface\FrameXML\HungerGames.xml;base\Interface\FrameXML\HungerGames.xml;base
Interface\FrameXML\HybridScrollFrame.lua;base\Interface\FrameXML\HybridScrollFrame.lua;base
Interface\FrameXML\HybridScrollFrame.xml;base\Interface\FrameXML\HybridScrollFrame.xml;base
Interface\FrameXML\InterfaceOptionsFrame.lua;base\Interface\FrameXML\InterfaceOptionsFrame.lua;base
Interface\FrameXML\InterfaceOptionsFrame.xml;base\Interface\FrameXML\InterfaceOptionsFrame.xml;base
Interface\FrameXML\InterfaceOptionsPanels.lua;base\Interface\FrameXML\InterfaceOptionsPanels.lua;base
Interface\FrameXML\InterfaceOptionsPanels.xml;base\Interface\FrameXML\InterfaceOptionsPanels.xml;base
Interface\FrameXML\ItemButtonTemplate.lua;base\Interface\FrameXML\ItemButtonTemplate.lua;base
Interface\FrameXML\ItemButtonTemplate.xml;base\Interface\FrameXML\ItemButtonTemplate.xml;base
Interface\FrameXML\ItemRef.lua;base\Interface\FrameXML\ItemRef.lua;base
Interface\FrameXML\ItemRef.xml;base\Interface\FrameXML\ItemRef.xml;base
Interface\FrameXML\ItemTextFrame.lua;base\Interface\FrameXML\ItemTextFrame.lua;base
Interface\FrameXML\ItemTextFrame.xml;base\Interface\FrameXML\ItemTextFrame.xml;base
Interface\FrameXML\KnowledgeBaseFrame.lua;base\Interface\FrameXML\KnowledgeBaseFrame.lua;base
Interface\FrameXML\KnowledgeBaseFrame.xml;base\Interface\FrameXML\KnowledgeBaseFrame.xml;base
Interface\FrameXML\LevelUpDisplay.lua;base\Interface\FrameXML\LevelUpDisplay.lua;base
Interface\FrameXML\LevelUpDisplay.xml;base\Interface\FrameXML\LevelUpDisplay.xml;base
Interface\FrameXML\LFDFrame.lua;base\Interface\FrameXML\LFDFrame.lua;base
Interface\FrameXML\LFDFrame.xml;base\Interface\FrameXML\LFDFrame.xml;base
Interface\FrameXML\LFGFrame.lua;base\Interface\FrameXML\LFGFrame.lua;base
Interface\FrameXML\LFGFrame.xml;base\Interface\FrameXML\LFGFrame.xml;base
Interface\FrameXML\LFRFrame.lua;base\Interface\FrameXML\LFRFrame.lua;base
Interface\FrameXML\LFRFrame.xml;base\Interface\FrameXML\LFRFrame.xml;base
Interface\FrameXML\Localization.lua;base\Interface\FrameXML\Localization.lua;base
Interface\FrameXML\Localization.xml;base\Interface\FrameXML\Localization.xml;base
Interface\FrameXML\LocalizationPost.lua;base\Interface\FrameXML\LocalizationPost.lua;base
Interface\FrameXML\LocalizationPost.xml;base\Interface\FrameXML\LocalizationPost.xml;base
Interface\FrameXML\LootFrame.lua;base\Interface\FrameXML\LootFrame.lua;base
Interface\FrameXML\LootFrame.xml;base\Interface\FrameXML\LootFrame.xml;base
Interface\FrameXML\MacOptionsFrame.lua;base\Interface\FrameXML\MacOptionsFrame.lua;base
Interface\FrameXML\MacOptionsFrame.xml;base\Interface\FrameXML\MacOptionsFrame.xml;base
Interface\FrameXML\MailFrame.lua;base\Interface\FrameXML\MailFrame.lua;base
Interface\FrameXML\MailFrame.xml;base\Interface\FrameXML\MailFrame.xml;base
Interface\FrameXML\MainMenuBar.lua;base\Interface\FrameXML\MainMenuBar.lua;base
Interface\FrameXML\MainMenuBar.xml;base\Interface\FrameXML\MainMenuBar.xml;base
Interface\FrameXML\MainMenuBarBagButtons.lua;base\Interface\FrameXML\MainMenuBarBagButtons.lua;base
Interface\FrameXML\MainMenuBarBagButtons.xml;base\Interface\FrameXML\MainMenuBarBagButtons.xml;base
Interface\FrameXML\MainMenuBarMicroButtons.lua;base\Interface\FrameXML\MainMenuBarMicroButtons.lua;base
Interface\FrameXML\MainMenuBarMicroButtons.xml;base\Interface\FrameXML\MainMenuBarMicroButtons.xml;base
Interface\FrameXML\MerchantFrame.lua;base\Interface\FrameXML\MerchantFrame.lua;base
Interface\FrameXML\MerchantFrame.xml;base\Interface\FrameXML\MerchantFrame.xml;base
Interface\FrameXML\MinigameFrame.lua;base\Interface\FrameXML\MinigameFrame.lua;base
Interface\FrameXML\MinigameFrame.xml;base\Interface\FrameXML\MinigameFrame.xml;base
Interface\FrameXML\Minimap.lua;base\Interface\FrameXML\Minimap.lua;base
Interface\FrameXML\Minimap.xml;base\Interface\FrameXML\Minimap.xml;base
Interface\FrameXML\MirrorTimer.lua;base\Interface\FrameXML\MirrorTimer.lua;base
Interface\FrameXML\MirrorTimer.xml;base\Interface\FrameXML\MirrorTimer.xml;base
Interface\FrameXML\ModelFrames.lua;base\Interface\FrameXML\ModelFrames.lua;base
Interface\FrameXML\ModelFrames.xml;base\Interface\FrameXML\ModelFrames.xml;base
Interface\FrameXML\MoneyFrame.lua;base\Interface\FrameXML\MoneyFrame.lua;base
Interface\FrameXML\MoneyFrame.xml;base\Interface\FrameXML\MoneyFrame.xml;base
Interface\FrameXML\MoneyInputFrame.lua;base\Interface\FrameXML\MoneyInputFrame.lua;base
Interface\FrameXML\MoneyInputFrame.xml;base\Interface\FrameXML\MoneyInputFrame.xml;base
Interface\FrameXML\MovieFrame.lua;base\Interface\FrameXML\MovieFrame.lua;base
Interface\FrameXML\MovieFrame.xml;base\Interface\FrameXML\MovieFrame.xml;base
Interface\FrameXML\MovieRecordingProgress.lua;base\Interface\FrameXML\MovieRecordingProgress.lua;base
Interface\FrameXML\MovieRecordingProgress.xml;base\Interface\FrameXML\MovieRecordingProgress.xml;base
Interface\FrameXML\MultiActionBars.lua;base\Interface\FrameXML\MultiActionBars.lua;base
Interface\FrameXML\MultiActionBars.xml;base\Interface\FrameXML\MultiActionBars.xml;base
Interface\FrameXML\MultiCastActionBarFrame.lua;base\Interface\FrameXML\MultiCastActionBarFrame.lua;base
Interface\FrameXML\MultiCastActionBarFrame.xml;base\Interface\FrameXML\MultiCastActionBarFrame.xml;base
Interface\FrameXML\OpacitySliderFrame.xml;base\Interface\FrameXML\OpacitySliderFrame.xml;base
Interface\FrameXML\OptionsFrameTemplates.lua;base\Interface\FrameXML\OptionsFrameTemplates.lua;base
Interface\FrameXML\OptionsFrameTemplates.xml;base\Interface\FrameXML\OptionsFrameTemplates.xml;base
Interface\FrameXML\OptionsPanelTemplates.lua;base\Interface\FrameXML\OptionsPanelTemplates.lua;base
Interface\FrameXML\OptionsPanelTemplates.xml;base\Interface\FrameXML\OptionsPanelTemplates.xml;base
Interface\FrameXML\PaperDollFrame.lua;base\Interface\FrameXML\PaperDollFrame.lua;base
Interface\FrameXML\PaperDollFrame.xml;base\Interface\FrameXML\PaperDollFrame.xml;base
Interface\FrameXML\PartyFrame.xml;base\Interface\FrameXML\PartyFrame.xml;base
Interface\FrameXML\PartyFrameTemplates.xml;base\Interface\FrameXML\PartyFrameTemplates.xml;base
Interface\FrameXML\PartyMemberFrame.lua;base\Interface\FrameXML\PartyMemberFrame.lua;base
Interface\FrameXML\PetActionBarFrame.lua;base\Interface\FrameXML\PetActionBarFrame.lua;base
Interface\FrameXML\PetActionBarFrame.xml;base\Interface\FrameXML\PetActionBarFrame.xml;base
Interface\FrameXML\PetFrame.lua;base\Interface\FrameXML\PetFrame.lua;base
Interface\FrameXML\PetFrame.xml;base\Interface\FrameXML\PetFrame.xml;base
Interface\FrameXML\PetitionFrame.lua;base\Interface\FrameXML\PetitionFrame.lua;base
Interface\FrameXML\PetitionFrame.xml;base\Interface\FrameXML\PetitionFrame.xml;base
Interface\FrameXML\PetPaperDollFrame.lua;base\Interface\FrameXML\PetPaperDollFrame.lua;base
Interface\FrameXML\PetPaperDollFrame.xml;base\Interface\FrameXML\PetPaperDollFrame.xml;base
Interface\FrameXML\PetPopup.lua;base\Interface\FrameXML\PetPopup.lua;base
Interface\FrameXML\PetPopup.xml;base\Interface\FrameXML\PetPopup.xml;base
Interface\FrameXML\PetStable.lua;base\Interface\FrameXML\PetStable.lua;base
Interface\FrameXML\PetStable.xml;base\Interface\FrameXML\PetStable.xml;base
Interface\FrameXML\PlayerFrame.lua;base\Interface\FrameXML\PlayerFrame.lua;base
Interface\FrameXML\PlayerFrame.xml;base\Interface\FrameXML\PlayerFrame.xml;base
Interface\FrameXML\PVPBattlegroundFrame.lua;base\Interface\FrameXML\PVPBattlegroundFrame.lua;base
Interface\FrameXML\PVPBattlegroundFrame.xml;base\Interface\FrameXML\PVPBattlegroundFrame.xml;base
Interface\FrameXML\PVPFrame.lua;base\Interface\FrameXML\PVPFrame.lua;base
Interface\FrameXML\PVPFrame.xml;base\Interface\FrameXML\PVPFrame.xml;base
Interface\FrameXML\PVPFrameTemplates.xml;base\Interface\FrameXML\PVPFrameTemplates.xml;base
Interface\FrameXML\QuestFrame.lua;base\Interface\FrameXML\QuestFrame.lua;base
Interface\FrameXML\QuestFrame.xml;base\Interface\FrameXML\QuestFrame.xml;base
Interface\FrameXML\QuestFrameTemplates.xml;base\Interface\FrameXML\QuestFrameTemplates.xml;base
Interface\FrameXML\QuestInfo.lua;base\Interface\FrameXML\QuestInfo.lua;base
Interface\FrameXML\QuestInfo.xml;base\Interface\FrameXML\QuestInfo.xml;base
Interface\FrameXML\QuestLogFrame.lua;base\Interface\FrameXML\QuestLogFrame.lua;base
Interface\FrameXML\QuestLogFrame.xml;base\Interface\FrameXML\QuestLogFrame.xml;base
Interface\FrameXML\QuestPOI.lua;base\Interface\FrameXML\QuestPOI.lua;base
Interface\FrameXML\QuestPOI.xml;base\Interface\FrameXML\QuestPOI.xml;base
Interface\FrameXML\QuestTimerFrame.lua;base\Interface\FrameXML\QuestTimerFrame.lua;base
Interface\FrameXML\QuestTimerFrame.xml;base\Interface\FrameXML\QuestTimerFrame.xml;base
Interface\FrameXML\RaidFrame.lua;base\Interface\FrameXML\RaidFrame.lua;base
Interface\FrameXML\RaidFrame.xml;base\Interface\FrameXML\RaidFrame.xml;base
Interface\FrameXML\RaidWarning.lua;base\Interface\FrameXML\RaidWarning.lua;base
Interface\FrameXML\RaidWarning.xml;base\Interface\FrameXML\RaidWarning.xml;base
Interface\FrameXML\RatingMenuFrame.xml;base\Interface\FrameXML\RatingMenuFrame.xml;base
Interface\FrameXML\ReadyCheck.lua;base\Interface\FrameXML\ReadyCheck.lua;base
Interface\FrameXML\ReadyCheck.xml;base\Interface\FrameXML\ReadyCheck.xml;base
Interface\FrameXML\ReputationFrame.lua;base\Interface\FrameXML\ReputationFrame.lua;base
Interface\FrameXML\ReputationFrame.xml;base\Interface\FrameXML\ReputationFrame.xml;base
Interface\FrameXML\RestrictedEnvironment.lua;base\Interface\FrameXML\RestrictedEnvironment.lua;base
Interface\FrameXML\RestrictedExecution.lua;base\Interface\FrameXML\RestrictedExecution.lua;base
Interface\FrameXML\RestrictedFrames.lua;base\Interface\FrameXML\RestrictedFrames.lua;base
Interface\FrameXML\RuneFrame.lua;base\Interface\FrameXML\RuneFrame.lua;base
Interface\FrameXML\RuneFrame.xml;base\Interface\FrameXML\RuneFrame.xml;base
Interface\FrameXML\SecureHandlers.lua;base\Interface\FrameXML\SecureHandlers.lua;base
Interface\FrameXML\SecureHandlerTemplates.xml;base\Interface\FrameXML\SecureHandlerTemplates.xml;base
Interface\FrameXML\SecureHoverDriver.lua;base\Interface\FrameXML\SecureHoverDriver.lua;base
Interface\FrameXML\SecureStateDriver.lua;base\Interface\FrameXML\SecureStateDriver.lua;base
Interface\FrameXML\SecureTemplates.lua;base\Interface\FrameXML\SecureTemplates.lua;base
Interface\FrameXML\SecureTemplates.xml;base\Interface\FrameXML\SecureTemplates.xml;base
Interface\FrameXML\SkillFrame.lua;base\Interface\FrameXML\SkillFrame.lua;base
Interface\FrameXML\SkillFrame.xml;base\Interface\FrameXML\SkillFrame.xml;base
Interface\FrameXML\Sound.lua;base\Interface\FrameXML\Sound.lua;base
Interface\FrameXML\SparkleFrame.lua;base\Interface\FrameXML\SparkleFrame.lua;base
Interface\FrameXML\SparkleFrame.xml;base\Interface\FrameXML\SparkleFrame.xml;base
Interface\FrameXML\SpellBookFrame.lua;base\Interface\FrameXML\SpellBookFrame.lua;base
Interface\FrameXML\SpellBookFrame.xml;base\Interface\FrameXML\SpellBookFrame.xml;base
Interface\FrameXML\StackSplitFrame.lua;base\Interface\FrameXML\StackSplitFrame.lua;base
Interface\FrameXML\StackSplitFrame.xml;base\Interface\FrameXML\StackSplitFrame.xml;base
Interface\FrameXML\StaticPopup.lua;base\Interface\FrameXML\StaticPopup.lua;base
Interface\FrameXML\StaticPopup.xml;base\Interface\FrameXML\StaticPopup.xml;base
Interface\FrameXML\StatsFrame.lua;base\Interface\FrameXML\StatsFrame.lua;base
Interface\FrameXML\StatsFrame.xml;base\Interface\FrameXML\StatsFrame.xml;base
Interface\FrameXML\TabardFrame.lua;base\Interface\FrameXML\TabardFrame.lua;base
Interface\FrameXML\TabardFrame.xml;base\Interface\FrameXML\TabardFrame.xml;base
Interface\FrameXML\TalentFrameBase.lua;base\Interface\FrameXML\TalentFrameBase.lua;base
Interface\FrameXML\TalentFrameTemplates.xml;base\Interface\FrameXML\TalentFrameTemplates.xml;base
Interface\FrameXML\TargetFrame.lua;base\Interface\FrameXML\TargetFrame.lua;base
Interface\FrameXML\TargetFrame.xml;base\Interface\FrameXML\TargetFrame.xml;base
Interface\FrameXML\TaxiFrame.lua;base\Interface\FrameXML\TaxiFrame.lua;base
Interface\FrameXML\TaxiFrame.xml;base\Interface\FrameXML\TaxiFrame.xml;base
Interface\FrameXML\test.lua;base\Interface\FrameXML\test.lua;base
Interface\FrameXML\TextStatusBar.lua;base\Interface\FrameXML\TextStatusBar.lua;base
Interface\FrameXML\TextStatusBar.xml;base\Interface\FrameXML\TextStatusBar.xml;base
Interface\FrameXML\TicTacToeFrame.lua;base\Interface\FrameXML\TicTacToeFrame.lua;base
Interface\FrameXML\TicTacToeFrame.xml;base\Interface\FrameXML\TicTacToeFrame.xml;base
Interface\FrameXML\TotemFrame.lua;base\Interface\FrameXML\TotemFrame.lua;base
Interface\FrameXML\TotemFrame.xml;base\Interface\FrameXML\TotemFrame.xml;base
Interface\FrameXML\TradeFrame.lua;base\Interface\FrameXML\TradeFrame.lua;base
Interface\FrameXML\TradeFrame.xml;base\Interface\FrameXML\TradeFrame.xml;base
Interface\FrameXML\TutorialFrame.lua;base\Interface\FrameXML\TutorialFrame.lua;base
Interface\FrameXML\TutorialFrame.xml;base\Interface\FrameXML\TutorialFrame.xml;base
Interface\FrameXML\UI.xsd;base\Interface\FrameXML\UI.xsd;base
Interface\FrameXML\UIDropDownMenu.lua;base\Interface\FrameXML\UIDropDownMenu.lua;base
Interface\FrameXML\UIDropDownMenu.xml;base\Interface\FrameXML\UIDropDownMenu.xml;base
Interface\FrameXML\UIDropDownMenuTemplates.xml;base\Interface\FrameXML\UIDropDownMenuTemplates.xml;base
Interface\FrameXML\UIErrorsFrame.lua;base\Interface\FrameXML\UIErrorsFrame.lua;base
Interface\FrameXML\UIErrorsFrame.xml;base\Interface\FrameXML\UIErrorsFrame.xml;base
Interface\FrameXML\UIMenu.lua;base\Interface\FrameXML\UIMenu.lua;base
Interface\FrameXML\UIMenu.xml;base\Interface\FrameXML\UIMenu.xml;base
Interface\FrameXML\UIPanelTemplates.lua;base\Interface\FrameXML\UIPanelTemplates.lua;base
Interface\FrameXML\UIPanelTemplates.xml;base\Interface\FrameXML\UIPanelTemplates.xml;base
Interface\FrameXML\UIParent.lua;base\Interface\FrameXML\UIParent.lua;base
Interface\FrameXML\UIParent.xml;base\Interface\FrameXML\UIParent.xml;base
Interface\FrameXML\UnitFrame.lua;base\Interface\FrameXML\UnitFrame.lua;base
Interface\FrameXML\UnitFrame.xml;base\Interface\FrameXML\UnitFrame.xml;base
Interface\FrameXML\UnitPopup.lua;base\Interface\FrameXML\UnitPopup.lua;base
Interface\FrameXML\UnitPopup.xml;base\Interface\FrameXML\UnitPopup.xml;base
Interface\FrameXML\VehicleMenuBar.lua;base\Interface\FrameXML\VehicleMenuBar.lua;base
Interface\FrameXML\VehicleMenuBar.xml;base\Interface\FrameXML\VehicleMenuBar.xml;base
Interface\FrameXML\VideoOptionsFrame.lua;base\Interface\FrameXML\VideoOptionsFrame.lua;base
Interface\FrameXML\VideoOptionsFrame.xml;base\Interface\FrameXML\VideoOptionsFrame.xml;base
Interface\FrameXML\VideoOptionsPanels.lua;base\Interface\FrameXML\VideoOptionsPanels.lua;base
Interface\FrameXML\VideoOptionsPanels.xml;base\Interface\FrameXML\VideoOptionsPanels.xml;base
Interface\FrameXML\VoiceChat.lua;base\Interface\FrameXML\VoiceChat.lua;base
Interface\FrameXML\VoiceChat.xml;base\Interface\FrameXML\VoiceChat.xml;base
Interface\FrameXML\WatchFrame.lua;base\Interface\FrameXML\WatchFrame.lua;base
Interface\FrameXML\WatchFrame.xml;base\Interface\FrameXML\WatchFrame.xml;base
Interface\FrameXML\WorldFrame.lua;base\Interface\FrameXML\WorldFrame.lua;base
Interface\FrameXML\WorldFrame.xml;base\Interface\FrameXML\WorldFrame.xml;base
Interface\FrameXML\WorldMapFrame.lua;base\Interface\FrameXML\WorldMapFrame.lua;base
Interface\FrameXML\WorldMapFrame.xml;base\Interface\FrameXML\WorldMapFrame.xml;base
Interface\FrameXML\WorldMapFrameTemplates.xml;base\Interface\FrameXML\WorldMapFrameTemplates.xml;base
Interface\FrameXML\WorldStateFrame.lua;base\Interface\FrameXML\WorldStateFrame.lua;base
Interface\FrameXML\WorldStateFrame.xml;base\Interface\FrameXML\WorldStateFrame.xml;base
Interface\FrameXML\ZoneText.lua;base\Interface\FrameXML\ZoneText.lua;base
Interface\FrameXML\ZoneText.xml;base\Interface\FrameXML\ZoneText.xml;base
Interface\GlueXML\AccountLogin.lua;base\Interface\GlueXML\AccountLogin.lua;base
Interface\GlueXML\AccountLogin.xml;base\Interface\GlueXML\AccountLogin.xml;base
Interface\GlueXML\AddonList.lua;base\Interface\GlueXML\AddonList.lua;base
Interface\GlueXML\AddonList.xml;base\Interface\GlueXML\AddonList.xml;base
Interface\GlueXML\AudioOptionsFrame.lua;base\Interface\GlueXML\AudioOptionsFrame.lua;base
Interface\GlueXML\AudioOptionsFrame.xml;base\Interface\GlueXML\AudioOptionsFrame.xml;base
Interface\GlueXML\AudioOptionsPanels.lua;base\Interface\GlueXML\AudioOptionsPanels.lua;base
Interface\GlueXML\AudioOptionsPanels.xml;base\Interface\GlueXML\AudioOptionsPanels.xml;base
Interface\GlueXML\CharacterCreate.lua;base\Interface\GlueXML\CharacterCreate.lua;base
Interface\GlueXML\CharacterCreate.xml;base\Interface\GlueXML\CharacterCreate.xml;base
Interface\GlueXML\CharacterSelect.lua;base\Interface\GlueXML\CharacterSelect.lua;base
Interface\GlueXML\CharacterSelect.xml;base\Interface\GlueXML\CharacterSelect.xml;base
Interface\GlueXML\CreditsFrame.lua;base\Interface\GlueXML\CreditsFrame.lua;base
Interface\GlueXML\CreditsFrame.xml;base\Interface\GlueXML\CreditsFrame.xml;base
Interface\GlueXML\GlueBasicControls.xml;base\Interface\GlueXML\GlueBasicControls.xml;base
Interface\GlueXML\GlueButtons.lua;base\Interface\GlueXML\GlueButtons.lua;base
Interface\GlueXML\GlueButtons.xml;base\Interface\GlueXML\GlueButtons.xml;base
Interface\GlueXML\GlueDialog.lua;base\Interface\GlueXML\GlueDialog.lua;base
Interface\GlueXML\GlueDialog.xml;base\Interface\GlueXML\GlueDialog.xml;base
Interface\GlueXML\GlueDropDownMenu.lua;base\Interface\GlueXML\GlueDropDownMenu.lua;base
Interface\GlueXML\GlueDropDownMenu.xml;base\Interface\GlueXML\GlueDropDownMenu.xml;base
Interface\GlueXML\GlueDropDownMenuTemplates.xml;base\Interface\GlueXML\GlueDropDownMenuTemplates.xml;base
Interface\GlueXML\GlueFonts.xml;base\Interface\GlueXML\GlueFonts.xml;base
Interface\GlueXML\GlueFontStyles.xml;base\Interface\GlueXML\GlueFontStyles.xml;base
Interface\GlueXML\GlueLocalization.lua;base\Interface\GlueXML\GlueLocalization.lua;base
Interface\GlueXML\GlueLocalization.xml;base\Interface\GlueXML\GlueLocalization.xml;base
Interface\GlueXML\GlueLocalizationPost.lua;base\Interface\GlueXML\GlueLocalizationPost.lua;base
Interface\GlueXML\GlueLocalizationPost.xml;base\Interface\GlueXML\GlueLocalizationPost.xml;base
Interface\GlueXML\GlueParent.lua;base\Interface\GlueXML\GlueParent.lua;base
Interface\GlueXML\GlueParent.xml;base\Interface\GlueXML\GlueParent.xml;base
Interface\GlueXML\GlueSplash.xml;base\Interface\GlueXML\GlueSplash.xml;base
Interface\GlueXML\GlueStrings.lua;base\Interface\GlueXML\GlueStrings.lua;base
Interface\GlueXML\GlueTemplates.lua;base\Interface\GlueXML\GlueTemplates.lua;base
Interface\GlueXML\GlueTemplates.xml;base\Interface\GlueXML\GlueTemplates.xml;base
Interface\GlueXML\GlueTooltip.xml;base\Interface\GlueXML\GlueTooltip.xml;base
Interface\GlueXML\GlueXML.toc;base\Interface\GlueXML\GlueXML.toc;base
Interface\GlueXML\MovieFrame.lua;base\Interface\GlueXML\MovieFrame.lua;base
Interface\GlueXML\MovieFrame.xml;base\Interface\GlueXML\MovieFrame.xml;base
Interface\GlueXML\OptionsFrameTemplates.lua;base\Interface\GlueXML\OptionsFrameTemplates.lua;base
Interface\GlueXML\OptionsFrameTemplates.xml;base\Interface\GlueXML\OptionsFrameTemplates.xml;base
Interface\GlueXML\OptionsPanelTemplates.lua;base\Interface\GlueXML\OptionsPanelTemplates.lua;base
Interface\GlueXML\OptionsPanelTemplates.xml;base\Interface\GlueXML\OptionsPanelTemplates.xml;base
Interface\GlueXML\OptionsSelect.lua;base\Interface\GlueXML\OptionsSelect.lua;base
Interface\GlueXML\OptionsSelect.xml;base\Interface\GlueXML\OptionsSelect.xml;base
Interface\GlueXML\PatchDownload.lua;base\Interface\GlueXML\PatchDownload.lua;base
Interface\GlueXML\PatchDownload.xml;base\Interface\GlueXML\PatchDownload.xml;base
Interface\GlueXML\RealmList.lua;base\Interface\GlueXML\RealmList.lua;base
Interface\GlueXML\RealmList.xml;base\Interface\GlueXML\RealmList.xml;base
Interface\GlueXML\RealmWizard.lua;base\Interface\GlueXML\RealmWizard.lua;base
Interface\GlueXML\RealmWizard.xml;base\Interface\GlueXML\RealmWizard.xml;base
Interface\GlueXML\SecurityMatrix.lua.disabled;base\Interface\GlueXML\SecurityMatrix.lua.disabled;base
Interface\GlueXML\SecurityMatrix.xml.disabled;base\Interface\GlueXML\SecurityMatrix.xml.disabled;base
Interface\GlueXML\TrialConvert.lua;base\Interface\GlueXML\TrialConvert.lua;base
Interface\GlueXML\TrialConvert.xml;base\Interface\GlueXML\TrialConvert.xml;base
Interface\GlueXML\VideoOptionsFrame.lua;base\Interface\GlueXML\VideoOptionsFrame.lua;base
Interface\GlueXML\VideoOptionsFrame.xml;base\Interface\GlueXML\VideoOptionsFrame.xml;base
Interface\GlueXML\VideoOptionsPanels.lua;base\Interface\GlueXML\VideoOptionsPanels.lua;base
Interface\GlueXML\VideoOptionsPanels.xml;base\Interface\GlueXML\VideoOptionsPanels.xml;base
Interface\GlueXML\vxvarsinit.lua;base\Interface\GlueXML\vxvarsinit.lua;base
Interface\GlueXML\vx_vars_init.lua;base\Interface\GlueXML\vx_vars_init.lua;base
