Battle.net.dll;base
Data\deDE\AccountBilling.url;deDE
Data\deDE\connection-help.html;deDE
Data\deDE\Credits.html;deDE
Data\deDE\Credits_BC.html;deDE
Data\deDE\Credits_LK.html;deDE
Data\deDE\Documentation\Images\bg-botleft.jpg;deDE
Data\deDE\Documentation\Images\bg-botright.jpg;deDE
Data\deDE\Documentation\Images\bg-bottom.jpg;deDE
Data\deDE\Documentation\Images\bg-left.jpg;deDE
Data\deDE\Documentation\Images\bg-merge.jpg;deDE
Data\deDE\Documentation\Images\bg-mergebot.jpg;deDE
Data\deDE\Documentation\Images\bg-middle.jpg;deDE
Data\deDE\Documentation\Images\bg-right.jpg;deDE
Data\deDE\Documentation\Images\bg-top.jpg;deDE
Data\deDE\Documentation\Images\Blizz.jpg;deDE
Data\deDE\Documentation\Images\BLWidget.jpg;deDE
Data\deDE\Documentation\Images\BRWidget.jpg;deDE
Data\deDE\Documentation\Images\buttons\contactinfo-over.gif;deDE
Data\deDE\Documentation\Images\buttons\contactinfo.gif;deDE
Data\deDE\Documentation\Images\buttons\mac-over.jpg;deDE
Data\deDE\Documentation\Images\buttons\mac.jpg;deDE
Data\deDE\Documentation\Images\buttons\pc-over.jpg;deDE
Data\deDE\Documentation\Images\buttons\pc.jpg;deDE
Data\deDE\Documentation\Images\buttons\readme-over.gif;deDE
Data\deDE\Documentation\Images\buttons\readme.gif;deDE
Data\deDE\Documentation\Images\buttons\readme.jpg;deDE
Data\deDE\Documentation\Images\buttons\troubleshooting-over.gif;deDE
Data\deDE\Documentation\Images\buttons\troubleshooting.gif;deDE
Data\deDE\Documentation\Images\buttons\troubleshooting.jpg;deDE
Data\deDE\Documentation\Images\buttons\website-over.gif;deDE
Data\deDE\Documentation\Images\buttons\website.gif;deDE
Data\deDE\Documentation\Images\BWidget.jpg;deDE
Data\deDE\Documentation\Images\CRepeat.jpg;deDE
Data\deDE\Documentation\Images\dragon-left.jpg;deDE
Data\deDE\Documentation\Images\dragon-right.jpg;deDE
Data\deDE\Documentation\Images\gryphon-right.jpg;deDE
Data\deDE\Documentation\Images\help-request.gif;deDE
Data\deDE\Documentation\Images\ItemMarker.jpg;deDE
Data\deDE\Documentation\Images\logo-blizzard.gif;deDE
Data\deDE\Documentation\Images\logo-blizzard.jpg;deDE
Data\deDE\Documentation\Images\logo-bnet.gif;deDE
Data\deDE\Documentation\Images\logo-wow.gif;deDE
Data\deDE\Documentation\Images\LRepeat.jpg;deDE
Data\deDE\Documentation\Images\MacLogo.jpg;deDE
Data\deDE\Documentation\Images\PCLogo.jpg;deDE
Data\deDE\Documentation\Images\pixel.gif;deDE
Data\deDE\Documentation\Images\RRepeat.jpg;deDE
Data\deDE\Documentation\Images\splash.jpg;deDE
Data\deDE\Documentation\Images\title-troubleshooting.jpg;deDE
Data\deDE\Documentation\Images\titles\contactinfo-mac.jpg;deDE
Data\deDE\Documentation\Images\titles\contactinfo-pc.jpg;deDE
Data\deDE\Documentation\Images\titles\readme-mac.jpg;deDE
Data\deDE\Documentation\Images\titles\readme-pc.jpg;deDE
Data\deDE\Documentation\Images\titles\troubleshooting-mac.jpg;deDE
Data\deDE\Documentation\Images\titles\troubleshooting-pc.jpg;deDE
Data\deDE\Documentation\Images\TLWidget.jpg;deDE
Data\deDE\Documentation\Images\TRWidget.jpg;deDE
Data\deDE\Documentation\Images\TWidget.jpg;deDE
Data\deDE\Documentation\Layout\BSpacer.html;deDE
Data\deDE\Documentation\Layout\CSpacer.html;deDE
Data\deDE\Documentation\Layout\Detector.js;deDE
Data\deDE\Documentation\Layout\Greeting.html;deDE
Data\deDE\Documentation\Layout\Index.html;deDE
Data\deDE\Documentation\Layout\LBorder.html;deDE
Data\deDE\Documentation\Layout\Nav.html;deDE
Data\deDE\Documentation\Layout\RBorder.html;deDE
Data\deDE\Documentation\Layout\Requirements.html;deDE
Data\deDE\Documentation\Layout\Splash.html;deDE
Data\deDE\Documentation\Layout\Styles.css;deDE
Data\deDE\Documentation\Layout\StylesLeft.css;deDE
Data\deDE\Documentation\Layout\TBorder.html;deDE
Data\deDE\Documentation\Layout\TheScript.js;deDE
Data\deDE\Documentation\ReadMe.html;deDE
Data\deDE\Documentation\ReadMe\(Mac)Foreword.html;deDE
Data\deDE\Documentation\ReadMe\(Mac)Installation.html;deDE
Data\deDE\Documentation\ReadMe\(Mac)Patching.html;deDE
Data\deDE\Documentation\ReadMe\(Mac)ReadMeMenu.html;deDE
Data\deDE\Documentation\ReadMe\(Mac)SystemRequirements.html;deDE
Data\deDE\Documentation\ReadMe\(Mac)Uninstall.html;deDE
Data\deDE\Documentation\ReadMe\(PC)Foreword.html;deDE
Data\deDE\Documentation\ReadMe\(PC)Installation.html;deDE
Data\deDE\Documentation\ReadMe\(PC)Patching.html;deDE
Data\deDE\Documentation\ReadMe\(PC)ReadMeMenu.html;deDE
Data\deDE\Documentation\ReadMe\(PC)SystemRequirements.html;deDE
Data\deDE\Documentation\ReadMe\(PC)Uninstall.html;deDE
Data\deDE\Documentation\ReadMe\BasicCommands.html;deDE
Data\deDE\Documentation\ReadMe\CharacterNaming.html;deDE
Data\deDE\Documentation\ReadMe\EULA.html;deDE
Data\deDE\Documentation\ReadMe\GettingStarted.html;deDE
Data\deDE\Documentation\ReadMe\ManualErrata.html;deDE
Data\deDE\Documentation\ReadMe\RealmSelection.html;deDE
Data\deDE\Documentation\Support\(Mac)SupportMenu.html;deDE
Data\deDE\Documentation\Support\(Mac)TechnicalSupport.html;deDE
Data\deDE\Documentation\Support\(PC)SupportMenu.html;deDE
Data\deDE\Documentation\Support\(PC)TechnicalSupport.html;deDE
Data\deDE\Documentation\Support\AccountAdministration.html;deDE
Data\deDE\Documentation\Support\BlizzardInsider.html;deDE
Data\deDE\Documentation\Support\Employment.html;deDE
Data\deDE\Documentation\Support\GameSuggestions.html;deDE
Data\deDE\Documentation\Support\GameSupport.html;deDE
Data\deDE\Documentation\Support\Password.html;deDE
Data\deDE\Documentation\Troubleshooting\(Mac)AudioProblems.html;deDE
Data\deDE\Documentation\Troubleshooting\(Mac)BlizzardDownloaderProblems.html;deDE
Data\deDE\Documentation\Troubleshooting\(Mac)ConnectionLoginProblems.html;deDE
Data\deDE\Documentation\Troubleshooting\(Mac)GameplayProblems.html;deDE
Data\deDE\Documentation\Troubleshooting\(Mac)Install.html;deDE
Data\deDE\Documentation\Troubleshooting\(Mac)PreventiveMaintenance.html;deDE
Data\deDE\Documentation\Troubleshooting\(Mac)StartupProblems.html;deDE
Data\deDE\Documentation\Troubleshooting\(Mac)TroubleshootingMenu.html;deDE
Data\deDE\Documentation\Troubleshooting\(Mac)VideoProblems.html;deDE
Data\deDE\Documentation\Troubleshooting\(PC)AudioProblems.html;deDE
Data\deDE\Documentation\Troubleshooting\(PC)BlizzardDownloaderProblems.html;deDE
Data\deDE\Documentation\Troubleshooting\(PC)ConnectionLoginProblems.html;deDE
Data\deDE\Documentation\Troubleshooting\(PC)GameplayProblems.html;deDE
Data\deDE\Documentation\Troubleshooting\(PC)Install.html;deDE
Data\deDE\Documentation\Troubleshooting\(PC)PreventiveMaintenance.html;deDE
Data\deDE\Documentation\Troubleshooting\(PC)StartupProblems.html;deDE
Data\deDE\Documentation\Troubleshooting\(PC)TroubleshootingMenu.html;deDE
Data\deDE\Documentation\Troubleshooting\(PC)VideoProblems.html;deDE
Data\deDE\eula.html;deDE
Data\deDE\realmlist.wtf;deDE
Data\deDE\scan.html;deDE
Data\deDE\TechSupport.url;deDE
Data\deDE\termination.html;deDE
Data\deDE\tos.html;deDE
Data\deDE\WTF\DefaultBindings.wtf;deDE
Data\enGB\AccountBilling.url;enGB
Data\enGB\connection-help.html;enGB
Data\enGB\Credits.html;enGB
Data\enGB\Credits_BC.html;enGB
Data\enGB\Credits_LK.html;enGB
Data\enGB\Documentation\images\bg-botleft.jpg;enGB
Data\enGB\Documentation\images\bg-botright.jpg;enGB
Data\enGB\Documentation\images\bg-bottom.jpg;enGB
Data\enGB\Documentation\images\bg-left.jpg;enGB
Data\enGB\Documentation\images\bg-merge.jpg;enGB
Data\enGB\Documentation\images\bg-mergebot.jpg;enGB
Data\enGB\Documentation\images\bg-middle.jpg;enGB
Data\enGB\Documentation\images\bg-right.jpg;enGB
Data\enGB\Documentation\images\bg-top.jpg;enGB
Data\enGB\Documentation\images\Blizz.jpg;enGB
Data\enGB\Documentation\images\BLWidget.jpg;enGB
Data\enGB\Documentation\images\BRWidget.jpg;enGB
Data\enGB\Documentation\images\buttons\contactinfo-over.gif;enGB
Data\enGB\Documentation\images\buttons\contactinfo.gif;enGB
Data\enGB\Documentation\images\buttons\mac-over.jpg;enGB
Data\enGB\Documentation\images\buttons\mac.jpg;enGB
Data\enGB\Documentation\images\buttons\pc-over.jpg;enGB
Data\enGB\Documentation\images\buttons\pc.jpg;enGB
Data\enGB\Documentation\images\buttons\readme-over.gif;enGB
Data\enGB\Documentation\images\buttons\readme.gif;enGB
Data\enGB\Documentation\images\buttons\readme.jpg;enGB
Data\enGB\Documentation\images\buttons\troubleshooting-over.gif;enGB
Data\enGB\Documentation\images\buttons\troubleshooting.gif;enGB
Data\enGB\Documentation\images\buttons\troubleshooting.jpg;enGB
Data\enGB\Documentation\images\buttons\website-over.gif;enGB
Data\enGB\Documentation\images\buttons\website.gif;enGB
Data\enGB\Documentation\images\BWidget.jpg;enGB
Data\enGB\Documentation\images\CRepeat.jpg;enGB
Data\enGB\Documentation\images\dragon-left.jpg;enGB
Data\enGB\Documentation\images\dragon-right.jpg;enGB
Data\enGB\Documentation\images\gryphon-right.jpg;enGB
Data\enGB\Documentation\images\help-request.gif;enGB
Data\enGB\Documentation\images\ItemMarker.jpg;enGB
Data\enGB\Documentation\images\logo-blizzard.gif;enGB
Data\enGB\Documentation\images\logo-blizzard.jpg;enGB
Data\enGB\Documentation\images\logo-bnet.gif;enGB
Data\enGB\Documentation\images\logo-wow.gif;enGB
Data\enGB\Documentation\images\LRepeat.jpg;enGB
Data\enGB\Documentation\images\MacLogo.jpg;enGB
Data\enGB\Documentation\images\PCLogo.jpg;enGB
Data\enGB\Documentation\images\pixel.gif;enGB
Data\enGB\Documentation\images\RRepeat.jpg;enGB
Data\enGB\Documentation\images\splash.jpg;enGB
Data\enGB\Documentation\images\title-troubleshooting.jpg;enGB
Data\enGB\Documentation\images\titles\contactinfo-mac.jpg;enGB
Data\enGB\Documentation\images\titles\contactinfo-pc.jpg;enGB
Data\enGB\Documentation\images\titles\readme-mac.jpg;enGB
Data\enGB\Documentation\images\titles\readme-pc.jpg;enGB
Data\enGB\Documentation\images\titles\troubleshooting-mac.jpg;enGB
Data\enGB\Documentation\images\titles\troubleshooting-pc.jpg;enGB
Data\enGB\Documentation\images\TLWidget.jpg;enGB
Data\enGB\Documentation\images\TRWidget.jpg;enGB
Data\enGB\Documentation\images\TWidget.jpg;enGB
Data\enGB\Documentation\Layout\BSpacer.html;enGB
Data\enGB\Documentation\Layout\CSpacer.html;enGB
Data\enGB\Documentation\Layout\Detector.js;enGB
Data\enGB\Documentation\Layout\Greeting.html;enGB
Data\enGB\Documentation\Layout\Index.html;enGB
Data\enGB\Documentation\Layout\LBorder.html;enGB
Data\enGB\Documentation\Layout\Nav.html;enGB
Data\enGB\Documentation\Layout\RBorder.html;enGB
Data\enGB\Documentation\Layout\Requirements.html;enGB
Data\enGB\Documentation\Layout\Splash.html;enGB
Data\enGB\Documentation\Layout\Styles.css;enGB
Data\enGB\Documentation\Layout\StylesLeft.css;enGB
Data\enGB\Documentation\Layout\TBorder.html;enGB
Data\enGB\Documentation\Layout\TheScript.js;enGB
Data\enGB\Documentation\ReadMe.html;enGB
Data\enGB\Documentation\ReadMe\(Mac)Foreword.html;enGB
Data\enGB\Documentation\ReadMe\(Mac)Installation.html;enGB
Data\enGB\Documentation\ReadMe\(Mac)Patching.html;enGB
Data\enGB\Documentation\ReadMe\(Mac)ReadMeMenu.html;enGB
Data\enGB\Documentation\ReadMe\(Mac)SystemRequirements.html;enGB
Data\enGB\Documentation\ReadMe\(Mac)Uninstall.html;enGB
Data\enGB\Documentation\ReadMe\(PC)Foreword.html;enGB
Data\enGB\Documentation\ReadMe\(PC)Installation.html;enGB
Data\enGB\Documentation\ReadMe\(PC)Patching.html;enGB
Data\enGB\Documentation\ReadMe\(PC)ReadMeMenu.html;enGB
Data\enGB\Documentation\ReadMe\(PC)SystemRequirements.html;enGB
Data\enGB\Documentation\ReadMe\(PC)Uninstall.html;enGB
Data\enGB\Documentation\ReadMe\BasicCommands.html;enGB
Data\enGB\Documentation\ReadMe\CharacterNaming.html;enGB
Data\enGB\Documentation\ReadMe\EULA.html;enGB
Data\enGB\Documentation\ReadMe\GettingStarted.html;enGB
Data\enGB\Documentation\ReadMe\ManualErrata.html;enGB
Data\enGB\Documentation\ReadMe\RealmSelection.html;enGB
Data\enGB\Documentation\Support\(Mac)SupportMenu.html;enGB
Data\enGB\Documentation\Support\(Mac)TechnicalSupport.html;enGB
Data\enGB\Documentation\Support\(PC)SupportMenu.html;enGB
Data\enGB\Documentation\Support\(PC)TechnicalSupport.html;enGB
Data\enGB\Documentation\Support\AccountAdministration.html;enGB
Data\enGB\Documentation\Support\BlizzardInsider.html;enGB
Data\enGB\Documentation\Support\Employment.html;enGB
Data\enGB\Documentation\Support\GameSuggestions.html;enGB
Data\enGB\Documentation\Support\GameSupport.html;enGB
Data\enGB\Documentation\Support\Password.html;enGB
Data\enGB\Documentation\Troubleshooting\(Mac)AudioProblems.html;enGB
Data\enGB\Documentation\Troubleshooting\(Mac)BlizzardDownloaderProblems.html;enGB
Data\enGB\Documentation\Troubleshooting\(Mac)ConnectionLoginProblems.html;enGB
Data\enGB\Documentation\Troubleshooting\(Mac)GameplayProblems.html;enGB
Data\enGB\Documentation\Troubleshooting\(Mac)Install.html;enGB
Data\enGB\Documentation\Troubleshooting\(Mac)PreventiveMaintenance.html;enGB
Data\enGB\Documentation\Troubleshooting\(Mac)StartupProblems.html;enGB
Data\enGB\Documentation\Troubleshooting\(Mac)TroubleshootingMenu.html;enGB
Data\enGB\Documentation\Troubleshooting\(Mac)VideoProblems.html;enGB
Data\enGB\Documentation\Troubleshooting\(PC)AudioProblems.html;enGB
Data\enGB\Documentation\Troubleshooting\(PC)BlizzardDownloaderProblems.html;enGB
Data\enGB\Documentation\Troubleshooting\(PC)ConnectionLoginProblems.html;enGB
Data\enGB\Documentation\Troubleshooting\(PC)GameplayProblems.html;enGB
Data\enGB\Documentation\Troubleshooting\(PC)Install.html;enGB
Data\enGB\Documentation\Troubleshooting\(PC)PreventiveMaintenance.html;enGB
Data\enGB\Documentation\Troubleshooting\(PC)StartupProblems.html;enGB
Data\enGB\Documentation\Troubleshooting\(PC)TroubleshootingMenu.html;enGB
Data\enGB\Documentation\Troubleshooting\(PC)VideoProblems.html;enGB
Data\enGB\eula.html;enGB
Data\enGB\realmlist.wtf;enGB
Data\enGB\TechSupport.url;enGB
Data\enGB\termination.html;enGB
Data\enGB\tos.html;enGB
Data\esES\AccountBilling.url;esES
Data\esES\connection-help.html;esES
Data\esES\Credits.html;esES
Data\esES\Credits_BC.html;esES
Data\esES\Credits_LK.html;esES
Data\esES\Documentation\Images\bg-botleft.jpg;esES
Data\esES\Documentation\Images\bg-botright.jpg;esES
Data\esES\Documentation\Images\bg-bottom.jpg;esES
Data\esES\Documentation\Images\bg-left.jpg;esES
Data\esES\Documentation\Images\bg-merge.jpg;esES
Data\esES\Documentation\Images\bg-mergebot.jpg;esES
Data\esES\Documentation\Images\bg-middle.jpg;esES
Data\esES\Documentation\Images\bg-right.jpg;esES
Data\esES\Documentation\Images\bg-top.jpg;esES
Data\esES\Documentation\Images\Blizz.jpg;esES
Data\esES\Documentation\Images\BLWidget.jpg;esES
Data\esES\Documentation\Images\BRWidget.jpg;esES
Data\esES\Documentation\Images\buttons\contactinfo-over.gif;esES
Data\esES\Documentation\Images\buttons\contactinfo.gif;esES
Data\esES\Documentation\Images\buttons\mac-over.jpg;esES
Data\esES\Documentation\Images\buttons\mac.jpg;esES
Data\esES\Documentation\Images\buttons\pc-over.jpg;esES
Data\esES\Documentation\Images\buttons\pc.jpg;esES
Data\esES\Documentation\Images\buttons\readme-over.gif;esES
Data\esES\Documentation\Images\buttons\readme.gif;esES
Data\esES\Documentation\Images\buttons\readme.jpg;esES
Data\esES\Documentation\Images\buttons\troubleshooting-over.gif;esES
Data\esES\Documentation\Images\buttons\troubleshooting.gif;esES
Data\esES\Documentation\Images\buttons\troubleshooting.jpg;esES
Data\esES\Documentation\Images\buttons\website-over.gif;esES
Data\esES\Documentation\Images\buttons\website.gif;esES
Data\esES\Documentation\Images\BWidget.jpg;esES
Data\esES\Documentation\Images\CRepeat.jpg;esES
Data\esES\Documentation\Images\dragon-left.jpg;esES
Data\esES\Documentation\Images\dragon-right.jpg;esES
Data\esES\Documentation\Images\gryphon-right.jpg;esES
Data\esES\Documentation\Images\help-request.gif;esES
Data\esES\Documentation\Images\ItemMarker.jpg;esES
Data\esES\Documentation\Images\logo-blizzard.gif;esES
Data\esES\Documentation\Images\logo-bnet.gif;esES
Data\esES\Documentation\Images\logo-wow.gif;esES
Data\esES\Documentation\Images\LRepeat.jpg;esES
Data\esES\Documentation\Images\MacLogo.jpg;esES
Data\esES\Documentation\Images\PCLogo.jpg;esES
Data\esES\Documentation\Images\pixel.gif;esES
Data\esES\Documentation\Images\RRepeat.jpg;esES
Data\esES\Documentation\Images\splash.jpg;esES
Data\esES\Documentation\Images\title-troubleshooting.jpg;esES
Data\esES\Documentation\Images\titles\contactinfo-mac.jpg;esES
Data\esES\Documentation\Images\titles\contactinfo-pc.jpg;esES
Data\esES\Documentation\Images\titles\readme-mac.jpg;esES
Data\esES\Documentation\Images\titles\readme-pc.jpg;esES
Data\esES\Documentation\Images\titles\troubleshooting-mac.jpg;esES
Data\esES\Documentation\Images\titles\troubleshooting-pc.jpg;esES
Data\esES\Documentation\Images\TLWidget.jpg;esES
Data\esES\Documentation\Images\TRWidget.jpg;esES
Data\esES\Documentation\Images\TWidget.jpg;esES
Data\esES\Documentation\Layout\BSpacer.html;esES
Data\esES\Documentation\Layout\CSpacer.html;esES
Data\esES\Documentation\Layout\Detector.js;esES
Data\esES\Documentation\Layout\Greeting.html;esES
Data\esES\Documentation\Layout\Index.html;esES
Data\esES\Documentation\Layout\LBorder.html;esES
Data\esES\Documentation\Layout\Nav.html;esES
Data\esES\Documentation\Layout\RBorder.html;esES
Data\esES\Documentation\Layout\Requirements.html;esES
Data\esES\Documentation\Layout\Splash.html;esES
Data\esES\Documentation\Layout\Styles.css;esES
Data\esES\Documentation\Layout\StylesLeft.css;esES
Data\esES\Documentation\Layout\TBorder.html;esES
Data\esES\Documentation\Layout\TheScript.js;esES
Data\esES\Documentation\ReadMe.html;esES
Data\esES\Documentation\ReadMe\(Mac)Foreword.html;esES
Data\esES\Documentation\ReadMe\(Mac)Installation.html;esES
Data\esES\Documentation\ReadMe\(Mac)Patching.html;esES
Data\esES\Documentation\ReadMe\(Mac)ReadMeMenu.html;esES
Data\esES\Documentation\ReadMe\(Mac)SystemRequirements.html;esES
Data\esES\Documentation\ReadMe\(Mac)Uninstall.html;esES
Data\esES\Documentation\ReadMe\(PC)Foreword.html;esES
Data\esES\Documentation\ReadMe\(PC)Installation.html;esES
Data\esES\Documentation\ReadMe\(PC)Patching.html;esES
Data\esES\Documentation\ReadMe\(PC)ReadMeMenu.html;esES
Data\esES\Documentation\ReadMe\(PC)SystemRequirements.html;esES
Data\esES\Documentation\ReadMe\(PC)Uninstall.html;esES
Data\esES\Documentation\ReadMe\BasicCommands.html;esES
Data\esES\Documentation\ReadMe\CharacterNaming.html;esES
Data\esES\Documentation\ReadMe\EULA.html;esES
Data\esES\Documentation\ReadMe\GettingStarted.html;esES
Data\esES\Documentation\ReadMe\ManualErrata.html;esES
Data\esES\Documentation\ReadMe\RealmSelection.html;esES
Data\esES\Documentation\Support\(Mac)SupportMenu.html;esES
Data\esES\Documentation\Support\(Mac)TechnicalSupport.html;esES
Data\esES\Documentation\Support\(PC)SupportMenu.html;esES
Data\esES\Documentation\Support\(PC)TechnicalSupport.html;esES
Data\esES\Documentation\Support\AccountAdministration.html;esES
Data\esES\Documentation\Support\BlizzardInsider.html;esES
Data\esES\Documentation\Support\Employment.html;esES
Data\esES\Documentation\Support\GameSuggestions.html;esES
Data\esES\Documentation\Support\GameSupport.html;esES
Data\esES\Documentation\Support\Password.html;esES
Data\esES\Documentation\Troubleshooting\(Mac)AudioProblems.html;esES
Data\esES\Documentation\Troubleshooting\(Mac)BlizzardDownloaderProblems.html;esES
Data\esES\Documentation\Troubleshooting\(Mac)ConnectionLoginProblems.html;esES
Data\esES\Documentation\Troubleshooting\(Mac)GameplayProblems.html;esES
Data\esES\Documentation\Troubleshooting\(Mac)Install.html;esES
Data\esES\Documentation\Troubleshooting\(Mac)PreventiveMaintenance.html;esES
Data\esES\Documentation\Troubleshooting\(Mac)StartupProblems.html;esES
Data\esES\Documentation\Troubleshooting\(Mac)TroubleshootingMenu.html;esES
Data\esES\Documentation\Troubleshooting\(Mac)VideoProblems.html;esES
Data\esES\Documentation\Troubleshooting\(PC)AudioProblems.html;esES
Data\esES\Documentation\Troubleshooting\(PC)BlizzardDownloaderProblems.html;esES
Data\esES\Documentation\Troubleshooting\(PC)ConnectionLoginProblems.html;esES
Data\esES\Documentation\Troubleshooting\(PC)GameplayProblems.html;esES
Data\esES\Documentation\Troubleshooting\(PC)Install.html;esES
Data\esES\Documentation\Troubleshooting\(PC)PreventiveMaintenance.html;esES
Data\esES\Documentation\Troubleshooting\(PC)StartupProblems.html;esES
Data\esES\Documentation\Troubleshooting\(PC)TroubleshootingMenu.html;esES
Data\esES\Documentation\Troubleshooting\(PC)VideoProblems.html;esES
Data\esES\eula.html;esES
Data\esES\realmlist.wtf;esES
Data\esES\TechSupport.url;esES
Data\esES\termination.html;esES
Data\esES\tos.html;esES
Data\frFR\AccountBilling.url;frFR
Data\frFR\connection-help.html;frFR
Data\frFR\Credits.html;frFR
Data\frFR\Credits_BC.html;frFR
Data\frFR\Credits_LK.html;frFR
Data\frFR\Documentation\Images\bg-botleft.jpg;frFR
Data\frFR\Documentation\Images\bg-botright.jpg;frFR
Data\frFR\Documentation\Images\bg-bottom.jpg;frFR
Data\frFR\Documentation\Images\bg-left.jpg;frFR
Data\frFR\Documentation\Images\bg-merge.jpg;frFR
Data\frFR\Documentation\Images\bg-mergebot.jpg;frFR
Data\frFR\Documentation\Images\bg-middle.jpg;frFR
Data\frFR\Documentation\Images\bg-right.jpg;frFR
Data\frFR\Documentation\Images\bg-top.jpg;frFR
Data\frFR\Documentation\Images\Blizz.jpg;frFR
Data\frFR\Documentation\Images\BLWidget.jpg;frFR
Data\frFR\Documentation\Images\BRWidget.jpg;frFR
Data\frFR\Documentation\Images\buttons\contactinfo-over.gif;frFR
Data\frFR\Documentation\Images\buttons\contactinfo.gif;frFR
Data\frFR\Documentation\Images\buttons\mac-over.jpg;frFR
Data\frFR\Documentation\Images\buttons\mac.jpg;frFR
Data\frFR\Documentation\Images\buttons\pc-over.jpg;frFR
Data\frFR\Documentation\Images\buttons\pc.jpg;frFR
Data\frFR\Documentation\Images\buttons\readme-over.gif;frFR
Data\frFR\Documentation\Images\buttons\readme.gif;frFR
Data\frFR\Documentation\Images\buttons\readme.jpg;frFR
Data\frFR\Documentation\Images\buttons\troubleshooting-over.gif;frFR
Data\frFR\Documentation\Images\buttons\troubleshooting.gif;frFR
Data\frFR\Documentation\Images\buttons\troubleshooting.jpg;frFR
Data\frFR\Documentation\Images\buttons\website-over.gif;frFR
Data\frFR\Documentation\Images\buttons\website.gif;frFR
Data\frFR\Documentation\Images\BWidget.jpg;frFR
Data\frFR\Documentation\Images\CRepeat.jpg;frFR
Data\frFR\Documentation\Images\dragon-left.jpg;frFR
Data\frFR\Documentation\Images\dragon-right.jpg;frFR
Data\frFR\Documentation\Images\gryphon-right.jpg;frFR
Data\frFR\Documentation\Images\help-request.gif;frFR
Data\frFR\Documentation\Images\ItemMarker.jpg;frFR
Data\frFR\Documentation\Images\logo-blizzard.gif;frFR
Data\frFR\Documentation\Images\logo-blizzard.jpg;frFR
Data\frFR\Documentation\Images\logo-bnet.gif;frFR
Data\frFR\Documentation\Images\logo-wow.gif;frFR
Data\frFR\Documentation\Images\LRepeat.jpg;frFR
Data\frFR\Documentation\Images\MacLogo.jpg;frFR
Data\frFR\Documentation\Images\PCLogo.jpg;frFR
Data\frFR\Documentation\Images\pixel.gif;frFR
Data\frFR\Documentation\Images\RRepeat.jpg;frFR
Data\frFR\Documentation\Images\splash.jpg;frFR
Data\frFR\Documentation\Images\title-troubleshooting.jpg;frFR
Data\frFR\Documentation\Images\titles\contactinfo-mac.jpg;frFR
Data\frFR\Documentation\Images\titles\contactinfo-pc.jpg;frFR
Data\frFR\Documentation\Images\titles\readme-mac.jpg;frFR
Data\frFR\Documentation\Images\titles\readme-pc.jpg;frFR
Data\frFR\Documentation\Images\titles\troubleshooting-mac.jpg;frFR
Data\frFR\Documentation\Images\titles\troubleshooting-pc.jpg;frFR
Data\frFR\Documentation\Images\TLWidget.jpg;frFR
Data\frFR\Documentation\Images\TRWidget.jpg;frFR
Data\frFR\Documentation\Images\TWidget.jpg;frFR
Data\frFR\Documentation\Layout\BSpacer.html;frFR
Data\frFR\Documentation\Layout\CSpacer.html;frFR
Data\frFR\Documentation\Layout\Detector.js;frFR
Data\frFR\Documentation\Layout\Greeting.html;frFR
Data\frFR\Documentation\Layout\Index.html;frFR
Data\frFR\Documentation\Layout\LBorder.html;frFR
Data\frFR\Documentation\Layout\Nav.html;frFR
Data\frFR\Documentation\Layout\RBorder.html;frFR
Data\frFR\Documentation\Layout\Requirements.html;frFR
Data\frFR\Documentation\Layout\Splash.html;frFR
Data\frFR\Documentation\Layout\Styles.css;frFR
Data\frFR\Documentation\Layout\StylesLeft.css;frFR
Data\frFR\Documentation\Layout\TBorder.html;frFR
Data\frFR\Documentation\Layout\TheScript.js;frFR
Data\frFR\Documentation\ReadMe.html;frFR
Data\frFR\Documentation\ReadMe\(Mac)Foreword.html;frFR
Data\frFR\Documentation\ReadMe\(Mac)Installation.html;frFR
Data\frFR\Documentation\ReadMe\(Mac)Patching.html;frFR
Data\frFR\Documentation\ReadMe\(Mac)ReadMeMenu.html;frFR
Data\frFR\Documentation\ReadMe\(Mac)SystemRequirements.html;frFR
Data\frFR\Documentation\ReadMe\(Mac)Uninstall.html;frFR
Data\frFR\Documentation\ReadMe\(PC)Foreword.html;frFR
Data\frFR\Documentation\ReadMe\(PC)Installation.html;frFR
Data\frFR\Documentation\ReadMe\(PC)Patching.html;frFR
Data\frFR\Documentation\ReadMe\(PC)ReadMeMenu.html;frFR
Data\frFR\Documentation\ReadMe\(PC)SystemRequirements.html;frFR
Data\frFR\Documentation\ReadMe\(PC)Uninstall.html;frFR
Data\frFR\Documentation\ReadMe\BasicCommands.html;frFR
Data\frFR\Documentation\ReadMe\CharacterNaming.html;frFR
Data\frFR\Documentation\ReadMe\EULA.html;frFR
Data\frFR\Documentation\ReadMe\GettingStarted.html;frFR
Data\frFR\Documentation\ReadMe\ManualErrata.html;frFR
Data\frFR\Documentation\ReadMe\RealmSelection.html;frFR
Data\frFR\Documentation\Support\(Mac)SupportMenu.html;frFR
Data\frFR\Documentation\Support\(Mac)TechnicalSupport.html;frFR
Data\frFR\Documentation\Support\(PC)SupportMenu.html;frFR
Data\frFR\Documentation\Support\(PC)TechnicalSupport.html;frFR
Data\frFR\Documentation\Support\AccountAdministration.html;frFR
Data\frFR\Documentation\Support\BlizzardInsider.html;frFR
Data\frFR\Documentation\Support\Employment.html;frFR
Data\frFR\Documentation\Support\GameSuggestions.html;frFR
Data\frFR\Documentation\Support\GameSupport.html;frFR
Data\frFR\Documentation\Support\Password.html;frFR
Data\frFR\Documentation\Troubleshooting\(Mac)AudioProblems.html;frFR
Data\frFR\Documentation\Troubleshooting\(Mac)BlizzardDownloaderProblems.html;frFR
Data\frFR\Documentation\Troubleshooting\(Mac)ConnectionLoginProblems.html;frFR
Data\frFR\Documentation\Troubleshooting\(Mac)GameplayProblems.html;frFR
Data\frFR\Documentation\Troubleshooting\(Mac)Install.html;frFR
Data\frFR\Documentation\Troubleshooting\(Mac)PreventiveMaintenance.html;frFR
Data\frFR\Documentation\Troubleshooting\(Mac)StartupProblems.html;frFR
Data\frFR\Documentation\Troubleshooting\(Mac)TroubleshootingMenu.html;frFR
Data\frFR\Documentation\Troubleshooting\(Mac)VideoProblems.html;frFR
Data\frFR\Documentation\Troubleshooting\(PC)AudioProblems.html;frFR
Data\frFR\Documentation\Troubleshooting\(PC)BlizzardDownloaderProblems.html;frFR
Data\frFR\Documentation\Troubleshooting\(PC)ConnectionLoginProblems.html;frFR
Data\frFR\Documentation\Troubleshooting\(PC)GameplayProblems.html;frFR
Data\frFR\Documentation\Troubleshooting\(PC)Install.html;frFR
Data\frFR\Documentation\Troubleshooting\(PC)PreventiveMaintenance.html;frFR
Data\frFR\Documentation\Troubleshooting\(PC)StartupProblems.html;frFR
Data\frFR\Documentation\Troubleshooting\(PC)TroubleshootingMenu.html;frFR
Data\frFR\Documentation\Troubleshooting\(PC)VideoProblems.html;frFR
Data\frFR\eula.html;frFR
Data\frFR\realmlist.wtf;frFR
Data\frFR\TechSupport.url;frFR
Data\frFR\termination.html;frFR
Data\frFR\tos.html;frFR
Data\frFR\WTF\DefaultBindings.wtf;frFR
Data\ruRU\AccountBilling.url;ruRU
Data\ruRU\connection-help.html;ruRU
Data\ruRU\Credits.html;ruRU
Data\ruRU\Credits_BC.html;ruRU
Data\ruRU\Credits_LK.html;ruRU
Data\ruRU\Documentation\images\bg-botleft.jpg;ruRU
Data\ruRU\Documentation\images\bg-botright.jpg;ruRU
Data\ruRU\Documentation\images\bg-bottom.jpg;ruRU
Data\ruRU\Documentation\images\bg-left.jpg;ruRU
Data\ruRU\Documentation\images\bg-merge.jpg;ruRU
Data\ruRU\Documentation\images\bg-mergebot.jpg;ruRU
Data\ruRU\Documentation\images\bg-middle.jpg;ruRU
Data\ruRU\Documentation\images\bg-right.jpg;ruRU
Data\ruRU\Documentation\images\bg-top.jpg;ruRU
Data\ruRU\Documentation\images\Blizz.jpg;ruRU
Data\ruRU\Documentation\images\BLWidget.jpg;ruRU
Data\ruRU\Documentation\images\BRWidget.jpg;ruRU
Data\ruRU\Documentation\images\buttons\contactinfo-over.gif;ruRU
Data\ruRU\Documentation\images\buttons\contactinfo.gif;ruRU
Data\ruRU\Documentation\images\buttons\mac-over.jpg;ruRU
Data\ruRU\Documentation\images\buttons\mac.jpg;ruRU
Data\ruRU\Documentation\images\buttons\pc-over.jpg;ruRU
Data\ruRU\Documentation\images\buttons\pc.jpg;ruRU
Data\ruRU\Documentation\images\buttons\readme-mac.jpg;ruRU
Data\ruRU\Documentation\images\buttons\readme-over.gif;ruRU
Data\ruRU\Documentation\images\buttons\readme.gif;ruRU
Data\ruRU\Documentation\images\buttons\readme.jpg;ruRU
Data\ruRU\Documentation\images\buttons\troubleshooting-over.gif;ruRU
Data\ruRU\Documentation\images\buttons\troubleshooting.gif;ruRU
Data\ruRU\Documentation\images\buttons\troubleshooting.jpg;ruRU
Data\ruRU\Documentation\images\buttons\website-over.gif;ruRU
Data\ruRU\Documentation\images\buttons\website.gif;ruRU
Data\ruRU\Documentation\images\BWidget.jpg;ruRU
Data\ruRU\Documentation\images\CRepeat.jpg;ruRU
Data\ruRU\Documentation\images\dragon-left.jpg;ruRU
Data\ruRU\Documentation\images\dragon-right.jpg;ruRU
Data\ruRU\Documentation\images\gryphon-right.jpg;ruRU
Data\ruRU\Documentation\images\help-request.gif;ruRU
Data\ruRU\Documentation\images\ItemMarker.jpg;ruRU
Data\ruRU\Documentation\images\logo-blizzard.gif;ruRU
Data\ruRU\Documentation\images\logo-blizzard.jpg;ruRU
Data\ruRU\Documentation\images\logo-bnet.gif;ruRU
Data\ruRU\Documentation\images\logo-wow.gif;ruRU
Data\ruRU\Documentation\images\LRepeat.jpg;ruRU
Data\ruRU\Documentation\images\MacLogo.jpg;ruRU
Data\ruRU\Documentation\images\PCLogo.jpg;ruRU
Data\ruRU\Documentation\images\pixel.gif;ruRU
Data\ruRU\Documentation\images\RRepeat.jpg;ruRU
Data\ruRU\Documentation\images\splash.jpg;ruRU
Data\ruRU\Documentation\images\title-troubleshooting.jpg;ruRU
Data\ruRU\Documentation\images\titles\contactinfo-mac.jpg;ruRU
Data\ruRU\Documentation\images\titles\contactinfo-pc.jpg;ruRU
Data\ruRU\Documentation\images\titles\readme-mac.jpg;ruRU
Data\ruRU\Documentation\images\titles\readme-pc.jpg;ruRU
Data\ruRU\Documentation\images\titles\troubleshooting-mac.jpg;ruRU
Data\ruRU\Documentation\images\titles\troubleshooting-pc.jpg;ruRU
Data\ruRU\Documentation\images\TLWidget.jpg;ruRU
Data\ruRU\Documentation\images\TRWidget.jpg;ruRU
Data\ruRU\Documentation\images\TWidget.jpg;ruRU
Data\ruRU\Documentation\Layout\BSpacer.html;ruRU
Data\ruRU\Documentation\Layout\CSpacer.html;ruRU
Data\ruRU\Documentation\Layout\Detector.js;ruRU
Data\ruRU\Documentation\Layout\Greeting.html;ruRU
Data\ruRU\Documentation\Layout\Index.html;ruRU
Data\ruRU\Documentation\Layout\LBorder.html;ruRU
Data\ruRU\Documentation\Layout\Nav.html;ruRU
Data\ruRU\Documentation\Layout\RBorder.html;ruRU
Data\ruRU\Documentation\Layout\Requirements.html;ruRU
Data\ruRU\Documentation\Layout\Splash.html;ruRU
Data\ruRU\Documentation\Layout\Styles.css;ruRU
Data\ruRU\Documentation\Layout\StylesLeft.css;ruRU
Data\ruRU\Documentation\Layout\TBorder.html;ruRU
Data\ruRU\Documentation\Layout\TheScript.js;ruRU
Data\ruRU\Documentation\ReadMe.html;ruRU
Data\ruRU\Documentation\ReadMe\(Mac)Foreword.html;ruRU
Data\ruRU\Documentation\ReadMe\(Mac)Installation.html;ruRU
Data\ruRU\Documentation\ReadMe\(Mac)Patching.html;ruRU
Data\ruRU\Documentation\ReadMe\(Mac)ReadMeMenu.html;ruRU
Data\ruRU\Documentation\ReadMe\(Mac)SystemRequirements.html;ruRU
Data\ruRU\Documentation\ReadMe\(Mac)Uninstall.html;ruRU
Data\ruRU\Documentation\ReadMe\(PC)Foreword.html;ruRU
Data\ruRU\Documentation\ReadMe\(PC)Installation.html;ruRU
Data\ruRU\Documentation\ReadMe\(PC)Patching.html;ruRU
Data\ruRU\Documentation\ReadMe\(PC)ReadMeMenu.html;ruRU
Data\ruRU\Documentation\ReadMe\(PC)SystemRequirements.html;ruRU
Data\ruRU\Documentation\ReadMe\(PC)Uninstall.html;ruRU
Data\ruRU\Documentation\ReadMe\BasicCommands.html;ruRU
Data\ruRU\Documentation\ReadMe\CharacterNaming.html;ruRU
Data\ruRU\Documentation\ReadMe\EULA.html;ruRU
Data\ruRU\Documentation\ReadMe\GettingStarted.html;ruRU
Data\ruRU\Documentation\ReadMe\ManualErrata.html;ruRU
Data\ruRU\Documentation\ReadMe\RealmSelection.html;ruRU
Data\ruRU\Documentation\Support\(Mac)SupportMenu.html;ruRU
Data\ruRU\Documentation\Support\(Mac)TechnicalSupport.html;ruRU
Data\ruRU\Documentation\Support\(PC)SupportMenu.html;ruRU
Data\ruRU\Documentation\Support\(PC)TechnicalSupport.html;ruRU
Data\ruRU\Documentation\Support\AccountAdministration.html;ruRU
Data\ruRU\Documentation\Support\BlizzardInsider.html;ruRU
Data\ruRU\Documentation\Support\Employment.html;ruRU
Data\ruRU\Documentation\Support\GameSuggestions.html;ruRU
Data\ruRU\Documentation\Support\GameSupport.html;ruRU
Data\ruRU\Documentation\Support\Password.html;ruRU
Data\ruRU\Documentation\Troubleshooting\(Mac)AudioProblems.html;ruRU
Data\ruRU\Documentation\Troubleshooting\(Mac)BlizzardDownloaderProblems.html;ruRU
Data\ruRU\Documentation\Troubleshooting\(Mac)ConnectionLoginProblems.html;ruRU
Data\ruRU\Documentation\Troubleshooting\(Mac)GameplayProblems.html;ruRU
Data\ruRU\Documentation\Troubleshooting\(Mac)Install.html;ruRU
Data\ruRU\Documentation\Troubleshooting\(Mac)PreventiveMaintenance.html;ruRU
Data\ruRU\Documentation\Troubleshooting\(Mac)StartupProblems.html;ruRU
Data\ruRU\Documentation\Troubleshooting\(Mac)TroubleshootingMenu.html;ruRU
Data\ruRU\Documentation\Troubleshooting\(Mac)VideoProblems.html;ruRU
Data\ruRU\Documentation\Troubleshooting\(PC)AudioProblems.html;ruRU
Data\ruRU\Documentation\Troubleshooting\(PC)BlizzardDownloaderProblems.html;ruRU
Data\ruRU\Documentation\Troubleshooting\(PC)ConnectionLoginProblems.html;ruRU
Data\ruRU\Documentation\Troubleshooting\(PC)GameplayProblems.html;ruRU
Data\ruRU\Documentation\Troubleshooting\(PC)Install.html;ruRU
Data\ruRU\Documentation\Troubleshooting\(PC)PreventiveMaintenance.html;ruRU
Data\ruRU\Documentation\Troubleshooting\(PC)StartupProblems.html;ruRU
Data\ruRU\Documentation\Troubleshooting\(PC)TroubleshootingMenu.html;ruRU
Data\ruRU\Documentation\Troubleshooting\(PC)VideoProblems.html;ruRU
Data\ruRU\eula.html;ruRU
Data\ruRU\realmlist.wtf;ruRU
Data\ruRU\TechSupport.url;ruRU
Data\ruRU\termination.html;ruRU
Data\ruRU\tos.html;ruRU
Data\ruRU\WTF\DefaultBindings.wtf;ruRU
dbghelp.dll;base
DivxDecoder.dll;base
ijl15.dll;base
Microsoft.VC80.CRT.manifest;base
msvcr71.dll;base
msvcr80.dll;base
patch.html;deDE
patch.html;enGB
patch.html;esES
patch.html;frFR
patch.html;ruRU
patch.txt;deDE
patch.txt;enGB
patch.txt;esES
patch.txt;frFR
patch.txt;ruRU
unicows.dll;base
UninstallLocalization.xml;base
WTF\config.wtf;base
